// Jest Snapshot v1, https://goo.gl/fbAQLP

exports[`Renders App component 1`] = `
<div>
  <AppLayout>
    <Switch>
      <Route
        component={[Function]}
        path="/watch"
      />
      <Route
        component={[Function]}
        path="/"
      />
    </Switch>
  </AppLayout>
</div>
`;
